Model Params: 25.83M
Trainable Params: 25.830M
策略模型总参数量：25.830 M
Model Params: 25.83M
Trainable Params: 25.830M
参考模型总参数量：25.830 M
Epoch:[1/1](50/4292), loss: 0.6817, dpo_loss: 0.6817, aux_loss: 0.0000, chosen_reward: 0.0158, rejected_reward: -0.0076, reward_margin: 0.0234, learning_rate: 0.00000100, epoch_time: 5.000min
Epoch:[1/1](100/4292), loss: 0.6900, dpo_loss: 0.6900, aux_loss: 0.0000, chosen_reward: 0.0057, rejected_reward: -0.0006, reward_margin: 0.0063, learning_rate: 0.00000100, epoch_time: 5.000min
Epoch:[1/1](150/4292), loss: 0.6957, dpo_loss: 0.6957, aux_loss: 0.0000, chosen_reward: -0.0106, rejected_reward: -0.0056, reward_margin: -0.0050, learning_rate: 0.00000100, epoch_time: 5.000min
Epoch:[1/1](200/4292), loss: 0.6877, dpo_loss: 0.6877, aux_loss: 0.0000, chosen_reward: -0.0111, rejected_reward: -0.0221, reward_margin: 0.0110, learning_rate: 0.00000100, epoch_time: 5.000min
Epoch:[1/1](250/4292), loss: 0.6761, dpo_loss: 0.6761, aux_loss: 0.0000, chosen_reward: -0.0447, rejected_reward: -0.0797, reward_margin: 0.0350, learning_rate: 0.00000099, epoch_time: 5.000min
Epoch:[1/1](300/4292), loss: 0.6788, dpo_loss: 0.6788, aux_loss: 0.0000, chosen_reward: -0.0502, rejected_reward: -0.0799, reward_margin: 0.0296, learning_rate: 0.00000099, epoch_time: 5.000min
Epoch:[1/1](350/4292), loss: 0.6808, dpo_loss: 0.6808, aux_loss: 0.0000, chosen_reward: 0.0217, rejected_reward: -0.0038, reward_margin: 0.0255, learning_rate: 0.00000099, epoch_time: 5.000min
Epoch:[1/1](400/4292), loss: 0.6743, dpo_loss: 0.6743, aux_loss: 0.0000, chosen_reward: 0.0032, rejected_reward: -0.0349, reward_margin: 0.0381, learning_rate: 0.00000098, epoch_time: 5.000min
Epoch:[1/1](450/4292), loss: 0.6709, dpo_loss: 0.6709, aux_loss: 0.0000, chosen_reward: -0.1021, rejected_reward: -0.1487, reward_margin: 0.0466, learning_rate: 0.00000098, epoch_time: 5.000min
Epoch:[1/1](500/4292), loss: 0.6914, dpo_loss: 0.6914, aux_loss: 0.0000, chosen_reward: -0.0623, rejected_reward: -0.0662, reward_margin: 0.0039, learning_rate: 0.00000097, epoch_time: 5.000min
Epoch:[1/1](550/4292), loss: 0.6718, dpo_loss: 0.6718, aux_loss: 0.0000, chosen_reward: -0.0533, rejected_reward: -0.0968, reward_margin: 0.0435, learning_rate: 0.00000096, epoch_time: 4.000min
Epoch:[1/1](600/4292), loss: 0.6484, dpo_loss: 0.6484, aux_loss: 0.0000, chosen_reward: -0.0322, rejected_reward: -0.1262, reward_margin: 0.0940, learning_rate: 0.00000096, epoch_time: 4.000min
Epoch:[1/1](650/4292), loss: 0.6461, dpo_loss: 0.6461, aux_loss: 0.0000, chosen_reward: 0.0207, rejected_reward: -0.0777, reward_margin: 0.0983, learning_rate: 0.00000095, epoch_time: 4.000min
Epoch:[1/1](700/4292), loss: 0.6711, dpo_loss: 0.6711, aux_loss: 0.0000, chosen_reward: -0.0980, rejected_reward: -0.1444, reward_margin: 0.0464, learning_rate: 0.00000094, epoch_time: 4.000min
Epoch:[1/1](750/4292), loss: 0.7178, dpo_loss: 0.7178, aux_loss: 0.0000, chosen_reward: -0.0489, rejected_reward: -0.0019, reward_margin: -0.0470, learning_rate: 0.00000093, epoch_time: 4.000min
Epoch:[1/1](800/4292), loss: 0.6877, dpo_loss: 0.6877, aux_loss: 0.0000, chosen_reward: -0.1462, rejected_reward: -0.1661, reward_margin: 0.0199, learning_rate: 0.00000093, epoch_time: 4.000min
Epoch:[1/1](850/4292), loss: 0.6489, dpo_loss: 0.6489, aux_loss: 0.0000, chosen_reward: -0.1472, rejected_reward: -0.2487, reward_margin: 0.1015, learning_rate: 0.00000092, epoch_time: 4.000min
Epoch:[1/1](900/4292), loss: 0.6853, dpo_loss: 0.6853, aux_loss: 0.0000, chosen_reward: -0.0768, rejected_reward: -0.0930, reward_margin: 0.0162, learning_rate: 0.00000091, epoch_time: 4.000min
Epoch:[1/1](950/4292), loss: 0.6594, dpo_loss: 0.6594, aux_loss: 0.0000, chosen_reward: -0.1239, rejected_reward: -0.1928, reward_margin: 0.0689, learning_rate: 0.00000090, epoch_time: 3.000min
Epoch:[1/1](1000/4292), loss: 0.5351, dpo_loss: 0.5351, aux_loss: 0.0000, chosen_reward: -0.2628, rejected_reward: -0.6242, reward_margin: 0.3613, learning_rate: 0.00000088, epoch_time: 3.000min
Epoch:[1/1](1050/4292), loss: 0.6864, dpo_loss: 0.6864, aux_loss: 0.0000, chosen_reward: -0.0513, rejected_reward: -0.0676, reward_margin: 0.0162, learning_rate: 0.00000087, epoch_time: 3.000min
Epoch:[1/1](1100/4292), loss: 0.7233, dpo_loss: 0.7233, aux_loss: 0.0000, chosen_reward: -0.4572, rejected_reward: -0.3994, reward_margin: -0.0578, learning_rate: 0.00000086, epoch_time: 3.000min
Epoch:[1/1](1150/4292), loss: 0.6725, dpo_loss: 0.6725, aux_loss: 0.0000, chosen_reward: -0.0427, rejected_reward: -0.0884, reward_margin: 0.0456, learning_rate: 0.00000085, epoch_time: 3.000min
Epoch:[1/1](1200/4292), loss: 0.6885, dpo_loss: 0.6885, aux_loss: 0.0000, chosen_reward: -0.3002, rejected_reward: -0.3108, reward_margin: 0.0106, learning_rate: 0.00000084, epoch_time: 3.000min
Epoch:[1/1](1250/4292), loss: 0.5802, dpo_loss: 0.5802, aux_loss: 0.0000, chosen_reward: -0.1653, rejected_reward: -0.4435, reward_margin: 0.2782, learning_rate: 0.00000082, epoch_time: 3.000min
Epoch:[1/1](1300/4292), loss: 0.6177, dpo_loss: 0.6177, aux_loss: 0.0000, chosen_reward: -0.1800, rejected_reward: -0.3431, reward_margin: 0.1631, learning_rate: 0.00000081, epoch_time: 3.000min
Epoch:[1/1](1350/4292), loss: 0.7875, dpo_loss: 0.7875, aux_loss: 0.0000, chosen_reward: -0.2858, rejected_reward: -0.1195, reward_margin: -0.1663, learning_rate: 0.00000080, epoch_time: 3.000min
Epoch:[1/1](1400/4292), loss: 0.6920, dpo_loss: 0.6920, aux_loss: 0.0000, chosen_reward: -0.4706, rejected_reward: -0.4985, reward_margin: 0.0279, learning_rate: 0.00000078, epoch_time: 3.000min
Epoch:[1/1](1450/4292), loss: 0.6297, dpo_loss: 0.6297, aux_loss: 0.0000, chosen_reward: -0.1747, rejected_reward: -0.3186, reward_margin: 0.1439, learning_rate: 0.00000077, epoch_time: 3.000min
Epoch:[1/1](1500/4292), loss: 0.6704, dpo_loss: 0.6704, aux_loss: 0.0000, chosen_reward: -0.5725, rejected_reward: -0.6230, reward_margin: 0.0505, learning_rate: 0.00000075, epoch_time: 3.000min
Epoch:[1/1](1550/4292), loss: 0.6810, dpo_loss: 0.6810, aux_loss: 0.0000, chosen_reward: -0.4077, rejected_reward: -0.5241, reward_margin: 0.1164, learning_rate: 0.00000074, epoch_time: 3.000min
Epoch:[1/1](1600/4292), loss: 0.6480, dpo_loss: 0.6480, aux_loss: 0.0000, chosen_reward: -0.3437, rejected_reward: -0.4414, reward_margin: 0.0976, learning_rate: 0.00000073, epoch_time: 3.000min
Epoch:[1/1](1650/4292), loss: 0.6255, dpo_loss: 0.6255, aux_loss: 0.0000, chosen_reward: -0.2572, rejected_reward: -0.4180, reward_margin: 0.1608, learning_rate: 0.00000071, epoch_time: 3.000min
Epoch:[1/1](1700/4292), loss: 0.6808, dpo_loss: 0.6808, aux_loss: 0.0000, chosen_reward: -0.2518, rejected_reward: -0.2827, reward_margin: 0.0309, learning_rate: 0.00000069, epoch_time: 3.000min
Epoch:[1/1](1750/4292), loss: 0.6144, dpo_loss: 0.6144, aux_loss: 0.0000, chosen_reward: -0.4038, rejected_reward: -0.5848, reward_margin: 0.1810, learning_rate: 0.00000068, epoch_time: 3.000min
Epoch:[1/1](1800/4292), loss: 0.4945, dpo_loss: 0.4945, aux_loss: 0.0000, chosen_reward: -0.2166, rejected_reward: -0.7271, reward_margin: 0.5104, learning_rate: 0.00000066, epoch_time: 3.000min
Epoch:[1/1](1850/4292), loss: 0.5022, dpo_loss: 0.5022, aux_loss: 0.0000, chosen_reward: -0.4540, rejected_reward: -1.2449, reward_margin: 0.7909, learning_rate: 0.00000065, epoch_time: 2.000min
Epoch:[1/1](1900/4292), loss: 0.4677, dpo_loss: 0.4677, aux_loss: 0.0000, chosen_reward: -1.0741, rejected_reward: -1.8819, reward_margin: 0.8078, learning_rate: 0.00000063, epoch_time: 2.000min
Epoch:[1/1](1950/4292), loss: 0.7776, dpo_loss: 0.7776, aux_loss: 0.0000, chosen_reward: -0.9821, rejected_reward: -0.8228, reward_margin: -0.1593, learning_rate: 0.00000061, epoch_time: 2.000min
Epoch:[1/1](2000/4292), loss: 0.6239, dpo_loss: 0.6239, aux_loss: 0.0000, chosen_reward: -0.2495, rejected_reward: -0.4006, reward_margin: 0.1511, learning_rate: 0.00000060, epoch_time: 2.000min
Epoch:[1/1](2050/4292), loss: 0.5651, dpo_loss: 0.5651, aux_loss: 0.0000, chosen_reward: -1.7507, rejected_reward: -2.1855, reward_margin: 0.4348, learning_rate: 0.00000058, epoch_time: 2.000min
Epoch:[1/1](2100/4292), loss: 0.6813, dpo_loss: 0.6813, aux_loss: 0.0000, chosen_reward: -0.5849, rejected_reward: -0.6236, reward_margin: 0.0387, learning_rate: 0.00000057, epoch_time: 2.000min
Epoch:[1/1](2150/4292), loss: 0.7208, dpo_loss: 0.7208, aux_loss: 0.0000, chosen_reward: -0.9490, rejected_reward: -0.9177, reward_margin: -0.0313, learning_rate: 0.00000055, epoch_time: 2.000min
Epoch:[1/1](2200/4292), loss: 0.9280, dpo_loss: 0.9280, aux_loss: 0.0000, chosen_reward: -1.1504, rejected_reward: -0.8885, reward_margin: -0.2619, learning_rate: 0.00000053, epoch_time: 2.000min
Epoch:[1/1](2250/4292), loss: 0.4949, dpo_loss: 0.4949, aux_loss: 0.0000, chosen_reward: -0.4388, rejected_reward: -0.8983, reward_margin: 0.4595, learning_rate: 0.00000052, epoch_time: 2.000min
Epoch:[1/1](2300/4292), loss: 0.6217, dpo_loss: 0.6217, aux_loss: 0.0000, chosen_reward: -0.8812, rejected_reward: -1.0388, reward_margin: 0.1576, learning_rate: 0.00000050, epoch_time: 2.000min
Epoch:[1/1](2350/4292), loss: 0.5950, dpo_loss: 0.5950, aux_loss: 0.0000, chosen_reward: -0.1129, rejected_reward: -0.3615, reward_margin: 0.2486, learning_rate: 0.00000048, epoch_time: 2.000min
Epoch:[1/1](2400/4292), loss: 0.5897, dpo_loss: 0.5897, aux_loss: 0.0000, chosen_reward: -0.5726, rejected_reward: -0.7969, reward_margin: 0.2242, learning_rate: 0.00000047, epoch_time: 2.000min
Epoch:[1/1](2450/4292), loss: 0.4851, dpo_loss: 0.4851, aux_loss: 0.0000, chosen_reward: -0.3827, rejected_reward: -1.0084, reward_margin: 0.6257, learning_rate: 0.00000045, epoch_time: 2.000min
Epoch:[1/1](2500/4292), loss: 0.7468, dpo_loss: 0.7468, aux_loss: 0.0000, chosen_reward: -0.6574, rejected_reward: -0.6016, reward_margin: -0.0558, learning_rate: 0.00000043, epoch_time: 2.000min
Epoch:[1/1](2550/4292), loss: 0.5745, dpo_loss: 0.5745, aux_loss: 0.0000, chosen_reward: -0.6539, rejected_reward: -0.9077, reward_margin: 0.2538, learning_rate: 0.00000042, epoch_time: 2.000min
Epoch:[1/1](2600/4292), loss: 0.8611, dpo_loss: 0.8611, aux_loss: 0.0000, chosen_reward: -1.5213, rejected_reward: -1.3934, reward_margin: -0.1278, learning_rate: 0.00000040, epoch_time: 2.000min
Epoch:[1/1](2650/4292), loss: 0.7263, dpo_loss: 0.7263, aux_loss: 0.0000, chosen_reward: -0.1882, rejected_reward: -0.1330, reward_margin: -0.0552, learning_rate: 0.00000039, epoch_time: 2.000min
Epoch:[1/1](2700/4292), loss: 0.6087, dpo_loss: 0.6087, aux_loss: 0.0000, chosen_reward: -1.8654, rejected_reward: -2.4740, reward_margin: 0.6086, learning_rate: 0.00000037, epoch_time: 2.000min
Epoch:[1/1](2750/4292), loss: 0.4078, dpo_loss: 0.4078, aux_loss: 0.0000, chosen_reward: -1.1213, rejected_reward: -2.2994, reward_margin: 1.1780, learning_rate: 0.00000036, epoch_time: 1.000min
Epoch:[1/1](2800/4292), loss: 0.5387, dpo_loss: 0.5387, aux_loss: 0.0000, chosen_reward: -0.3781, rejected_reward: -0.7576, reward_margin: 0.3795, learning_rate: 0.00000034, epoch_time: 1.000min
Epoch:[1/1](2850/4292), loss: 0.6441, dpo_loss: 0.6441, aux_loss: 0.0000, chosen_reward: -0.0560, rejected_reward: -0.1615, reward_margin: 0.1055, learning_rate: 0.00000033, epoch_time: 1.000min
Epoch:[1/1](2900/4292), loss: 0.5217, dpo_loss: 0.5217, aux_loss: 0.0000, chosen_reward: -0.8975, rejected_reward: -2.1374, reward_margin: 1.2400, learning_rate: 0.00000031, epoch_time: 1.000min
Epoch:[1/1](2950/4292), loss: 0.6570, dpo_loss: 0.6570, aux_loss: 0.0000, chosen_reward: -0.2590, rejected_reward: -0.3466, reward_margin: 0.0876, learning_rate: 0.00000030, epoch_time: 1.000min
Epoch:[1/1](3000/4292), loss: 1.1442, dpo_loss: 1.1442, aux_loss: 0.0000, chosen_reward: -1.5049, rejected_reward: -0.9804, reward_margin: -0.5246, learning_rate: 0.00000029, epoch_time: 1.000min
Epoch:[1/1](3050/4292), loss: 0.5358, dpo_loss: 0.5358, aux_loss: 0.0000, chosen_reward: -0.7627, rejected_reward: -1.2586, reward_margin: 0.4959, learning_rate: 0.00000027, epoch_time: 1.000min
Epoch:[1/1](3100/4292), loss: 0.6619, dpo_loss: 0.6619, aux_loss: 0.0000, chosen_reward: -0.3776, rejected_reward: -0.4489, reward_margin: 0.0713, learning_rate: 0.00000026, epoch_time: 1.000min
Epoch:[1/1](3150/4292), loss: 0.6958, dpo_loss: 0.6958, aux_loss: 0.0000, chosen_reward: -0.4915, rejected_reward: -0.5473, reward_margin: 0.0558, learning_rate: 0.00000025, epoch_time: 1.000min
Epoch:[1/1](3200/4292), loss: 0.4903, dpo_loss: 0.4903, aux_loss: 0.0000, chosen_reward: -0.2027, rejected_reward: -0.8088, reward_margin: 0.6061, learning_rate: 0.00000024, epoch_time: 1.000min
Epoch:[1/1](3250/4292), loss: 0.7002, dpo_loss: 0.7002, aux_loss: 0.0000, chosen_reward: -0.7896, rejected_reward: -1.3754, reward_margin: 0.5858, learning_rate: 0.00000022, epoch_time: 1.000min
Epoch:[1/1](3300/4292), loss: 0.6149, dpo_loss: 0.6149, aux_loss: 0.0000, chosen_reward: -0.5235, rejected_reward: -0.7919, reward_margin: 0.2683, learning_rate: 0.00000021, epoch_time: 1.000min
Epoch:[1/1](3350/4292), loss: 0.9573, dpo_loss: 0.9573, aux_loss: 0.0000, chosen_reward: -1.0349, rejected_reward: -0.6194, reward_margin: -0.4155, learning_rate: 0.00000020, epoch_time: 1.000min
Epoch:[1/1](3400/4292), loss: 0.7767, dpo_loss: 0.7767, aux_loss: 0.0000, chosen_reward: -1.0084, rejected_reward: -0.9036, reward_margin: -0.1049, learning_rate: 0.00000019, epoch_time: 1.000min
Epoch:[1/1](3450/4292), loss: 0.5105, dpo_loss: 0.5105, aux_loss: 0.0000, chosen_reward: -0.6103, rejected_reward: -1.3382, reward_margin: 0.7278, learning_rate: 0.00000018, epoch_time: 1.000min
Epoch:[1/1](3500/4292), loss: 0.5401, dpo_loss: 0.5401, aux_loss: 0.0000, chosen_reward: -0.4253, rejected_reward: -0.8041, reward_margin: 0.3788, learning_rate: 0.00000017, epoch_time: 1.000min
Epoch:[1/1](3550/4292), loss: 0.9628, dpo_loss: 0.9628, aux_loss: 0.0000, chosen_reward: -0.9831, rejected_reward: -0.5956, reward_margin: -0.3875, learning_rate: 0.00000016, epoch_time: 1.000min
Epoch:[1/1](3600/4292), loss: 0.6847, dpo_loss: 0.6847, aux_loss: 0.0000, chosen_reward: -1.3001, rejected_reward: -1.4231, reward_margin: 0.1230, learning_rate: 0.00000016, epoch_time: 1.000min
Epoch:[1/1](3650/4292), loss: 0.3630, dpo_loss: 0.3630, aux_loss: 0.0000, chosen_reward: -0.5297, rejected_reward: -1.5102, reward_margin: 0.9804, learning_rate: 0.00000015, epoch_time: 0.000min
Epoch:[1/1](3700/4292), loss: 0.6265, dpo_loss: 0.6265, aux_loss: 0.0000, chosen_reward: -0.7839, rejected_reward: -0.9441, reward_margin: 0.1603, learning_rate: 0.00000014, epoch_time: 0.000min
Epoch:[1/1](3750/4292), loss: 0.5976, dpo_loss: 0.5976, aux_loss: 0.0000, chosen_reward: -0.5025, rejected_reward: -0.7058, reward_margin: 0.2033, learning_rate: 0.00000013, epoch_time: 0.000min
Epoch:[1/1](3800/4292), loss: 0.4054, dpo_loss: 0.4054, aux_loss: 0.0000, chosen_reward: -1.0823, rejected_reward: -1.9093, reward_margin: 0.8270, learning_rate: 0.00000013, epoch_time: 0.000min
Epoch:[1/1](3850/4292), loss: 0.4250, dpo_loss: 0.4250, aux_loss: 0.0000, chosen_reward: -0.3565, rejected_reward: -1.6951, reward_margin: 1.3385, learning_rate: 0.00000012, epoch_time: 0.000min
Epoch:[1/1](3900/4292), loss: 0.5393, dpo_loss: 0.5393, aux_loss: 0.0000, chosen_reward: -1.2978, rejected_reward: -1.7166, reward_margin: 0.4188, learning_rate: 0.00000012, epoch_time: 0.000min
Epoch:[1/1](3950/4292), loss: 0.9615, dpo_loss: 0.9615, aux_loss: 0.0000, chosen_reward: -1.4596, rejected_reward: -1.2105, reward_margin: -0.2491, learning_rate: 0.00000011, epoch_time: 0.000min
Epoch:[1/1](4000/4292), loss: 0.7452, dpo_loss: 0.7452, aux_loss: 0.0000, chosen_reward: -0.5705, rejected_reward: -0.4771, reward_margin: -0.0935, learning_rate: 0.00000011, epoch_time: 0.000min
Epoch:[1/1](4050/4292), loss: 0.7804, dpo_loss: 0.7804, aux_loss: 0.0000, chosen_reward: -0.9693, rejected_reward: -0.8114, reward_margin: -0.1579, learning_rate: 0.00000011, epoch_time: 0.000min
Epoch:[1/1](4100/4292), loss: 0.6347, dpo_loss: 0.6347, aux_loss: 0.0000, chosen_reward: -0.4412, rejected_reward: -0.5796, reward_margin: 0.1384, learning_rate: 0.00000010, epoch_time: 0.000min
Epoch:[1/1](4150/4292), loss: 0.5941, dpo_loss: 0.5941, aux_loss: 0.0000, chosen_reward: -0.8772, rejected_reward: -1.0893, reward_margin: 0.2121, learning_rate: 0.00000010, epoch_time: 0.000min
Epoch:[1/1](4200/4292), loss: 0.7870, dpo_loss: 0.7870, aux_loss: 0.0000, chosen_reward: -1.0772, rejected_reward: -0.9659, reward_margin: -0.1113, learning_rate: 0.00000010, epoch_time: 0.000min
Epoch:[1/1](4250/4292), loss: 0.5301, dpo_loss: 0.5301, aux_loss: 0.0000, chosen_reward: -0.9060, rejected_reward: -1.3200, reward_margin: 0.4140, learning_rate: 0.00000010, epoch_time: 0.000min
Epoch:[1/1](4291/4292), loss: 0.5217, dpo_loss: 0.5217, aux_loss: 0.0000, chosen_reward: -0.9058, rejected_reward: -1.3383, reward_margin: 0.4325, learning_rate: 0.00000010, epoch_time: 0.000min
