Model Params: 25.83M
Trainable Params: 25.830M
策略模型总参数量：25.830 M
Model Params: 25.83M
Trainable Params: 25.830M
参考模型总参数量：25.830 M
Epoch:[1/1](50/4292), loss: 0.6920, dpo_loss: 0.6920, aux_loss: 0.0000, chosen_reward: 0.0013, rejected_reward: -0.0010, reward_margin: 0.0023, learning_rate: 0.00000100, epoch_time: 5.000min
Epoch:[1/1](100/4292), loss: 0.6929, dpo_loss: 0.6929, aux_loss: 0.0000, chosen_reward: 0.0002, rejected_reward: -0.0003, reward_margin: 0.0005, learning_rate: 0.00000100, epoch_time: 5.000min
Epoch:[1/1](150/4292), loss: 0.6933, dpo_loss: 0.6933, aux_loss: 0.0000, chosen_reward: -0.0019, rejected_reward: -0.0016, reward_margin: -0.0003, learning_rate: 0.00000100, epoch_time: 5.000min
Epoch:[1/1](200/4292), loss: 0.6929, dpo_loss: 0.6929, aux_loss: 0.0000, chosen_reward: -0.0019, rejected_reward: -0.0024, reward_margin: 0.0006, learning_rate: 0.00000100, epoch_time: 4.000min
Epoch:[1/1](250/4292), loss: 0.6912, dpo_loss: 0.6912, aux_loss: 0.0000, chosen_reward: -0.0064, rejected_reward: -0.0103, reward_margin: 0.0038, learning_rate: 0.00000099, epoch_time: 4.000min
Epoch:[1/1](300/4292), loss: 0.6913, dpo_loss: 0.6913, aux_loss: 0.0000, chosen_reward: -0.0064, rejected_reward: -0.0101, reward_margin: 0.0037, learning_rate: 0.00000099, epoch_time: 4.000min
Epoch:[1/1](350/4292), loss: 0.6924, dpo_loss: 0.6924, aux_loss: 0.0000, chosen_reward: 0.0016, rejected_reward: 0.0002, reward_margin: 0.0014, learning_rate: 0.00000099, epoch_time: 4.000min
Epoch:[1/1](400/4292), loss: 0.6906, dpo_loss: 0.6906, aux_loss: 0.0000, chosen_reward: 0.0013, rejected_reward: -0.0038, reward_margin: 0.0051, learning_rate: 0.00000098, epoch_time: 4.000min
Epoch:[1/1](450/4292), loss: 0.6913, dpo_loss: 0.6913, aux_loss: 0.0000, chosen_reward: -0.0120, rejected_reward: -0.0158, reward_margin: 0.0038, learning_rate: 0.00000098, epoch_time: 4.000min
Epoch:[1/1](500/4292), loss: 0.6930, dpo_loss: 0.6930, aux_loss: 0.0000, chosen_reward: -0.0066, rejected_reward: -0.0069, reward_margin: 0.0003, learning_rate: 0.00000097, epoch_time: 4.000min
Epoch:[1/1](550/4292), loss: 0.6911, dpo_loss: 0.6911, aux_loss: 0.0000, chosen_reward: -0.0060, rejected_reward: -0.0100, reward_margin: 0.0041, learning_rate: 0.00000096, epoch_time: 4.000min
Epoch:[1/1](600/4292), loss: 0.6873, dpo_loss: 0.6873, aux_loss: 0.0000, chosen_reward: -0.0026, rejected_reward: -0.0145, reward_margin: 0.0118, learning_rate: 0.00000096, epoch_time: 4.000min
Epoch:[1/1](650/4292), loss: 0.6864, dpo_loss: 0.6864, aux_loss: 0.0000, chosen_reward: 0.0049, rejected_reward: -0.0088, reward_margin: 0.0137, learning_rate: 0.00000095, epoch_time: 4.000min
Epoch:[1/1](700/4292), loss: 0.6912, dpo_loss: 0.6912, aux_loss: 0.0000, chosen_reward: -0.0110, rejected_reward: -0.0148, reward_margin: 0.0038, learning_rate: 0.00000094, epoch_time: 4.000min
Epoch:[1/1](750/4292), loss: 0.6958, dpo_loss: 0.6958, aux_loss: 0.0000, chosen_reward: -0.0063, rejected_reward: -0.0011, reward_margin: -0.0053, learning_rate: 0.00000093, epoch_time: 4.000min
Epoch:[1/1](800/4292), loss: 0.6944, dpo_loss: 0.6944, aux_loss: 0.0000, chosen_reward: -0.0163, rejected_reward: -0.0138, reward_margin: -0.0024, learning_rate: 0.00000093, epoch_time: 4.000min
Epoch:[1/1](850/4292), loss: 0.6880, dpo_loss: 0.6880, aux_loss: 0.0000, chosen_reward: -0.0150, rejected_reward: -0.0255, reward_margin: 0.0105, learning_rate: 0.00000092, epoch_time: 4.000min
Epoch:[1/1](900/4292), loss: 0.6915, dpo_loss: 0.6915, aux_loss: 0.0000, chosen_reward: -0.0065, rejected_reward: -0.0099, reward_margin: 0.0033, learning_rate: 0.00000091, epoch_time: 3.000min
Epoch:[1/1](950/4292), loss: 0.6896, dpo_loss: 0.6896, aux_loss: 0.0000, chosen_reward: -0.0138, rejected_reward: -0.0210, reward_margin: 0.0072, learning_rate: 0.00000090, epoch_time: 3.000min
Epoch:[1/1](1000/4292), loss: 0.6734, dpo_loss: 0.6734, aux_loss: 0.0000, chosen_reward: -0.0327, rejected_reward: -0.0728, reward_margin: 0.0400, learning_rate: 0.00000088, epoch_time: 3.000min
Epoch:[1/1](1050/4292), loss: 0.6958, dpo_loss: 0.6958, aux_loss: 0.0000, chosen_reward: -0.0078, rejected_reward: -0.0026, reward_margin: -0.0052, learning_rate: 0.00000087, epoch_time: 3.000min
Epoch:[1/1](1100/4292), loss: 0.6968, dpo_loss: 0.6968, aux_loss: 0.0000, chosen_reward: -0.0597, rejected_reward: -0.0525, reward_margin: -0.0072, learning_rate: 0.00000086, epoch_time: 3.000min
Epoch:[1/1](1150/4292), loss: 0.6916, dpo_loss: 0.6916, aux_loss: 0.0000, chosen_reward: -0.0066, rejected_reward: -0.0097, reward_margin: 0.0031, learning_rate: 0.00000085, epoch_time: 3.000min
Epoch:[1/1](1200/4292), loss: 0.6931, dpo_loss: 0.6931, aux_loss: 0.0000, chosen_reward: -0.0436, rejected_reward: -0.0438, reward_margin: 0.0002, learning_rate: 0.00000084, epoch_time: 3.000min
Epoch:[1/1](1250/4292), loss: 0.6748, dpo_loss: 0.6748, aux_loss: 0.0000, chosen_reward: -0.0222, rejected_reward: -0.0598, reward_margin: 0.0376, learning_rate: 0.00000082, epoch_time: 3.000min
Epoch:[1/1](1300/4292), loss: 0.6825, dpo_loss: 0.6825, aux_loss: 0.0000, chosen_reward: -0.0271, rejected_reward: -0.0487, reward_margin: 0.0215, learning_rate: 0.00000081, epoch_time: 3.000min
Epoch:[1/1](1350/4292), loss: 0.7041, dpo_loss: 0.7041, aux_loss: 0.0000, chosen_reward: -0.0386, rejected_reward: -0.0172, reward_margin: -0.0214, learning_rate: 0.00000080, epoch_time: 3.000min
Epoch:[1/1](1400/4292), loss: 0.6933, dpo_loss: 0.6933, aux_loss: 0.0000, chosen_reward: -0.0770, rejected_reward: -0.0772, reward_margin: 0.0002, learning_rate: 0.00000078, epoch_time: 3.000min
Epoch:[1/1](1450/4292), loss: 0.6805, dpo_loss: 0.6805, aux_loss: 0.0000, chosen_reward: -0.0248, rejected_reward: -0.0506, reward_margin: 0.0258, learning_rate: 0.00000077, epoch_time: 3.000min
Epoch:[1/1](1500/4292), loss: 0.6915, dpo_loss: 0.6915, aux_loss: 0.0000, chosen_reward: -0.1017, rejected_reward: -0.1051, reward_margin: 0.0034, learning_rate: 0.00000075, epoch_time: 3.000min
Epoch:[1/1](1550/4292), loss: 0.6945, dpo_loss: 0.6945, aux_loss: 0.0000, chosen_reward: -0.0799, rejected_reward: -0.0800, reward_margin: 0.0001, learning_rate: 0.00000074, epoch_time: 3.000min
Epoch:[1/1](1600/4292), loss: 0.6847, dpo_loss: 0.6847, aux_loss: 0.0000, chosen_reward: -0.0719, rejected_reward: -0.0892, reward_margin: 0.0173, learning_rate: 0.00000073, epoch_time: 3.000min
Epoch:[1/1](1650/4292), loss: 0.6765, dpo_loss: 0.6765, aux_loss: 0.0000, chosen_reward: -0.0694, rejected_reward: -0.1048, reward_margin: 0.0354, learning_rate: 0.00000071, epoch_time: 3.000min
Epoch:[1/1](1700/4292), loss: 0.6963, dpo_loss: 0.6963, aux_loss: 0.0000, chosen_reward: -0.0691, rejected_reward: -0.0630, reward_margin: -0.0061, learning_rate: 0.00000069, epoch_time: 3.000min
Epoch:[1/1](1750/4292), loss: 0.6749, dpo_loss: 0.6749, aux_loss: 0.0000, chosen_reward: -0.1173, rejected_reward: -0.1547, reward_margin: 0.0374, learning_rate: 0.00000068, epoch_time: 3.000min
Epoch:[1/1](1800/4292), loss: 0.6448, dpo_loss: 0.6448, aux_loss: 0.0000, chosen_reward: -0.0461, rejected_reward: -0.1498, reward_margin: 0.1037, learning_rate: 0.00000066, epoch_time: 2.000min
Epoch:[1/1](1850/4292), loss: 0.5979, dpo_loss: 0.5979, aux_loss: 0.0000, chosen_reward: -0.1428, rejected_reward: -0.3698, reward_margin: 0.2271, learning_rate: 0.00000065, epoch_time: 2.000min
Epoch:[1/1](1900/4292), loss: 0.6250, dpo_loss: 0.6250, aux_loss: 0.0000, chosen_reward: -0.3617, rejected_reward: -0.5193, reward_margin: 0.1577, learning_rate: 0.00000063, epoch_time: 2.000min
Epoch:[1/1](1950/4292), loss: 0.7005, dpo_loss: 0.7005, aux_loss: 0.0000, chosen_reward: -0.3339, rejected_reward: -0.3195, reward_margin: -0.0144, learning_rate: 0.00000061, epoch_time: 2.000min
Epoch:[1/1](2000/4292), loss: 0.6818, dpo_loss: 0.6818, aux_loss: 0.0000, chosen_reward: -0.0657, rejected_reward: -0.0886, reward_margin: 0.0229, learning_rate: 0.00000060, epoch_time: 2.000min
Epoch:[1/1](2050/4292), loss: 0.6454, dpo_loss: 0.6454, aux_loss: 0.0000, chosen_reward: -0.5790, rejected_reward: -0.6860, reward_margin: 0.1070, learning_rate: 0.00000058, epoch_time: 2.000min
Epoch:[1/1](2100/4292), loss: 0.6885, dpo_loss: 0.6885, aux_loss: 0.0000, chosen_reward: -0.2082, rejected_reward: -0.2181, reward_margin: 0.0099, learning_rate: 0.00000057, epoch_time: 2.000min
Epoch:[1/1](2150/4292), loss: 0.6976, dpo_loss: 0.6976, aux_loss: 0.0000, chosen_reward: -0.3641, rejected_reward: -0.3567, reward_margin: -0.0074, learning_rate: 0.00000055, epoch_time: 2.000min
Epoch:[1/1](2200/4292), loss: 0.7625, dpo_loss: 0.7625, aux_loss: 0.0000, chosen_reward: -0.4858, rejected_reward: -0.3850, reward_margin: -0.1008, learning_rate: 0.00000053, epoch_time: 2.000min
Epoch:[1/1](2250/4292), loss: 0.6235, dpo_loss: 0.6235, aux_loss: 0.0000, chosen_reward: -0.2053, rejected_reward: -0.3543, reward_margin: 0.1491, learning_rate: 0.00000052, epoch_time: 2.000min
Epoch:[1/1](2300/4292), loss: 0.6634, dpo_loss: 0.6634, aux_loss: 0.0000, chosen_reward: -0.3375, rejected_reward: -0.4008, reward_margin: 0.0633, learning_rate: 0.00000050, epoch_time: 2.000min
Epoch:[1/1](2350/4292), loss: 0.6816, dpo_loss: 0.6816, aux_loss: 0.0000, chosen_reward: -0.0103, rejected_reward: -0.0338, reward_margin: 0.0235, learning_rate: 0.00000048, epoch_time: 2.000min
Epoch:[1/1](2400/4292), loss: 0.6609, dpo_loss: 0.6609, aux_loss: 0.0000, chosen_reward: -0.2092, rejected_reward: -0.2757, reward_margin: 0.0665, learning_rate: 0.00000047, epoch_time: 2.000min
Epoch:[1/1](2450/4292), loss: 0.6335, dpo_loss: 0.6335, aux_loss: 0.0000, chosen_reward: -0.1466, rejected_reward: -0.2793, reward_margin: 0.1327, learning_rate: 0.00000045, epoch_time: 2.000min
Epoch:[1/1](2500/4292), loss: 0.7253, dpo_loss: 0.7253, aux_loss: 0.0000, chosen_reward: -0.2730, rejected_reward: -0.2157, reward_margin: -0.0573, learning_rate: 0.00000043, epoch_time: 2.000min
Epoch:[1/1](2550/4292), loss: 0.6866, dpo_loss: 0.6866, aux_loss: 0.0000, chosen_reward: -0.1912, rejected_reward: -0.2044, reward_margin: 0.0133, learning_rate: 0.00000042, epoch_time: 2.000min
Epoch:[1/1](2600/4292), loss: 0.7414, dpo_loss: 0.7414, aux_loss: 0.0000, chosen_reward: -0.5553, rejected_reward: -0.4926, reward_margin: -0.0627, learning_rate: 0.00000040, epoch_time: 2.000min
Epoch:[1/1](2650/4292), loss: 0.6952, dpo_loss: 0.6952, aux_loss: 0.0000, chosen_reward: -0.0128, rejected_reward: -0.0087, reward_margin: -0.0041, learning_rate: 0.00000039, epoch_time: 2.000min
Epoch:[1/1](2700/4292), loss: 0.6036, dpo_loss: 0.6036, aux_loss: 0.0000, chosen_reward: -0.5293, rejected_reward: -0.8098, reward_margin: 0.2805, learning_rate: 0.00000037, epoch_time: 1.000min
Epoch:[1/1](2750/4292), loss: 0.5748, dpo_loss: 0.5748, aux_loss: 0.0000, chosen_reward: -0.3538, rejected_reward: -0.6277, reward_margin: 0.2740, learning_rate: 0.00000036, epoch_time: 1.000min
Epoch:[1/1](2800/4292), loss: 0.6561, dpo_loss: 0.6561, aux_loss: 0.0000, chosen_reward: -0.0748, rejected_reward: -0.1517, reward_margin: 0.0769, learning_rate: 0.00000034, epoch_time: 1.000min
Epoch:[1/1](2850/4292), loss: 0.6903, dpo_loss: 0.6903, aux_loss: 0.0000, chosen_reward: -0.0058, rejected_reward: -0.0115, reward_margin: 0.0057, learning_rate: 0.00000033, epoch_time: 1.000min
Epoch:[1/1](2900/4292), loss: 0.5592, dpo_loss: 0.5592, aux_loss: 0.0000, chosen_reward: -0.3506, rejected_reward: -0.7213, reward_margin: 0.3707, learning_rate: 0.00000031, epoch_time: 1.000min
Epoch:[1/1](2950/4292), loss: 0.7033, dpo_loss: 0.7033, aux_loss: 0.0000, chosen_reward: -0.0563, rejected_reward: -0.0367, reward_margin: -0.0196, learning_rate: 0.00000030, epoch_time: 1.000min
Epoch:[1/1](3000/4292), loss: 0.7803, dpo_loss: 0.7803, aux_loss: 0.0000, chosen_reward: -0.5516, rejected_reward: -0.4134, reward_margin: -0.1382, learning_rate: 0.00000029, epoch_time: 1.000min
Epoch:[1/1](3050/4292), loss: 0.6270, dpo_loss: 0.6270, aux_loss: 0.0000, chosen_reward: -0.2666, rejected_reward: -0.4219, reward_margin: 0.1554, learning_rate: 0.00000027, epoch_time: 1.000min
Epoch:[1/1](3100/4292), loss: 0.6790, dpo_loss: 0.6790, aux_loss: 0.0000, chosen_reward: -0.0896, rejected_reward: -0.1183, reward_margin: 0.0287, learning_rate: 0.00000026, epoch_time: 1.000min
Epoch:[1/1](3150/4292), loss: 0.6785, dpo_loss: 0.6785, aux_loss: 0.0000, chosen_reward: -0.1321, rejected_reward: -0.1694, reward_margin: 0.0373, learning_rate: 0.00000025, epoch_time: 1.000min
Epoch:[1/1](3200/4292), loss: 0.6097, dpo_loss: 0.6097, aux_loss: 0.0000, chosen_reward: -0.0386, rejected_reward: -0.2369, reward_margin: 0.1984, learning_rate: 0.00000024, epoch_time: 1.000min
Epoch:[1/1](3250/4292), loss: 0.6574, dpo_loss: 0.6574, aux_loss: 0.0000, chosen_reward: -0.3205, rejected_reward: -0.4629, reward_margin: 0.1423, learning_rate: 0.00000022, epoch_time: 1.000min
Epoch:[1/1](3300/4292), loss: 0.6674, dpo_loss: 0.6674, aux_loss: 0.0000, chosen_reward: -0.1730, rejected_reward: -0.2380, reward_margin: 0.0650, learning_rate: 0.00000021, epoch_time: 1.000min
Epoch:[1/1](3350/4292), loss: 0.8099, dpo_loss: 0.8099, aux_loss: 0.0000, chosen_reward: -0.3373, rejected_reward: -0.1271, reward_margin: -0.2102, learning_rate: 0.00000020, epoch_time: 1.000min
Epoch:[1/1](3400/4292), loss: 0.7459, dpo_loss: 0.7459, aux_loss: 0.0000, chosen_reward: -0.4564, rejected_reward: -0.3622, reward_margin: -0.0942, learning_rate: 0.00000019, epoch_time: 1.000min
Epoch:[1/1](3450/4292), loss: 0.6080, dpo_loss: 0.6080, aux_loss: 0.0000, chosen_reward: -0.1764, rejected_reward: -0.3872, reward_margin: 0.2108, learning_rate: 0.00000018, epoch_time: 1.000min
Epoch:[1/1](3500/4292), loss: 0.6400, dpo_loss: 0.6400, aux_loss: 0.0000, chosen_reward: -0.2001, rejected_reward: -0.3264, reward_margin: 0.1263, learning_rate: 0.00000017, epoch_time: 1.000min
Epoch:[1/1](3550/4292), loss: 0.7492, dpo_loss: 0.7492, aux_loss: 0.0000, chosen_reward: -0.3108, rejected_reward: -0.2089, reward_margin: -0.1019, learning_rate: 0.00000016, epoch_time: 1.000min
Epoch:[1/1](3600/4292), loss: 0.6921, dpo_loss: 0.6921, aux_loss: 0.0000, chosen_reward: -0.4898, rejected_reward: -0.5027, reward_margin: 0.0129, learning_rate: 0.00000016, epoch_time: 0.000min
Epoch:[1/1](3650/4292), loss: 0.6029, dpo_loss: 0.6029, aux_loss: 0.0000, chosen_reward: -0.2203, rejected_reward: -0.4141, reward_margin: 0.1938, learning_rate: 0.00000015, epoch_time: 0.000min
Epoch:[1/1](3700/4292), loss: 0.6809, dpo_loss: 0.6809, aux_loss: 0.0000, chosen_reward: -0.2861, rejected_reward: -0.3144, reward_margin: 0.0284, learning_rate: 0.00000014, epoch_time: 0.000min
Epoch:[1/1](3750/4292), loss: 0.6897, dpo_loss: 0.6897, aux_loss: 0.0000, chosen_reward: -0.2981, rejected_reward: -0.3050, reward_margin: 0.0069, learning_rate: 0.00000013, epoch_time: 0.000min
Epoch:[1/1](3800/4292), loss: 0.5878, dpo_loss: 0.5878, aux_loss: 0.0000, chosen_reward: -0.4188, rejected_reward: -0.6650, reward_margin: 0.2462, learning_rate: 0.00000013, epoch_time: 0.000min
Epoch:[1/1](3850/4292), loss: 0.5465, dpo_loss: 0.5465, aux_loss: 0.0000, chosen_reward: -0.1675, rejected_reward: -0.5524, reward_margin: 0.3848, learning_rate: 0.00000012, epoch_time: 0.000min
Epoch:[1/1](3900/4292), loss: 0.6348, dpo_loss: 0.6348, aux_loss: 0.0000, chosen_reward: -0.5846, rejected_reward: -0.7209, reward_margin: 0.1363, learning_rate: 0.00000012, epoch_time: 0.000min
Epoch:[1/1](3950/4292), loss: 0.7809, dpo_loss: 0.7809, aux_loss: 0.0000, chosen_reward: -0.4634, rejected_reward: -0.3142, reward_margin: -0.1492, learning_rate: 0.00000011, epoch_time: 0.000min
Epoch:[1/1](4000/4292), loss: 0.7030, dpo_loss: 0.7030, aux_loss: 0.0000, chosen_reward: -0.1725, rejected_reward: -0.1532, reward_margin: -0.0193, learning_rate: 0.00000011, epoch_time: 0.000min
Epoch:[1/1](4050/4292), loss: 0.7121, dpo_loss: 0.7121, aux_loss: 0.0000, chosen_reward: -0.3716, rejected_reward: -0.3372, reward_margin: -0.0345, learning_rate: 0.00000011, epoch_time: 0.000min
Epoch:[1/1](4100/4292), loss: 0.6924, dpo_loss: 0.6924, aux_loss: 0.0000, chosen_reward: -0.1574, rejected_reward: -0.1592, reward_margin: 0.0018, learning_rate: 0.00000010, epoch_time: 0.000min
Epoch:[1/1](4150/4292), loss: 0.6624, dpo_loss: 0.6624, aux_loss: 0.0000, chosen_reward: -0.3366, rejected_reward: -0.3997, reward_margin: 0.0631, learning_rate: 0.00000010, epoch_time: 0.000min
Epoch:[1/1](4200/4292), loss: 0.6949, dpo_loss: 0.6949, aux_loss: 0.0000, chosen_reward: -0.3425, rejected_reward: -0.3529, reward_margin: 0.0103, learning_rate: 0.00000010, epoch_time: 0.000min
Epoch:[1/1](4250/4292), loss: 0.6109, dpo_loss: 0.6109, aux_loss: 0.0000, chosen_reward: -0.3176, rejected_reward: -0.5048, reward_margin: 0.1871, learning_rate: 0.00000010, epoch_time: 0.000min
Epoch:[1/1](4291/4292), loss: 0.6172, dpo_loss: 0.6172, aux_loss: 0.0000, chosen_reward: -0.2430, rejected_reward: -0.4155, reward_margin: 0.1725, learning_rate: 0.00000010, epoch_time: 0.000min
